Archive member included to satisfy reference by file (symbol)

c:/program files (x86)/atmel/studio/7.0/toolchain/avr8/avr8-gnu-toolchain/bin/../lib/gcc/avr/5.4.0/avr5\libgcc.a(_exit.o)
                              C:/Program Files (x86)/Atmel/Studio/7.0/Packs/atmel/ATmega_DFP/1.3.300/gcc/dev/atmega32/avr5/crtatmega32.o (exit)
c:/program files (x86)/atmel/studio/7.0/toolchain/avr8/avr8-gnu-toolchain/bin/../lib/gcc/avr/5.4.0/avr5\libgcc.a(_copy_data.o)
                              HAL/ADC/ADC_prg.o (__do_copy_data)
c:/program files (x86)/atmel/studio/7.0/toolchain/avr8/avr8-gnu-toolchain/bin/../lib/gcc/avr/5.4.0/avr5\libgcc.a(_clear_bss.o)
                              HAL/ADC/ADC_prg.o (__do_clear_bss)

Allocating common symbols
Common symbol       size              file

pfuncUART_DataEmpty_ISR
                    0x2               HAL/UART/UART_prog.o
Global_pScanGroup   0x1               HAL/ADC/ADC_prg.o
pfuncUART_TxComplete_ISR
                    0x2               HAL/UART/UART_prog.o
pfuncADC_ISR        0x8               HAL/ADC/ADC_prg.o
pfuncUART_RxComplete_ISR
                    0x2               HAL/UART/UART_prog.o
Global_u16pBuffer   0x2               HAL/ADC/ADC_prg.o
pfuncSPI_STCcomplete_ISR
                    0x2               HAL/SPI/SPI_prg.o

Discarded input sections

 .data          0x00000000        0x0 C:/Program Files (x86)/Atmel/Studio/7.0/Packs/atmel/ATmega_DFP/1.3.300/gcc/dev/atmega32/avr5/crtatmega32.o
 .bss           0x00000000        0x0 C:/Program Files (x86)/Atmel/Studio/7.0/Packs/atmel/ATmega_DFP/1.3.300/gcc/dev/atmega32/avr5/crtatmega32.o
 .text          0x00000000        0x0 HAL/ADC/ADC_prg.o
 .data          0x00000000        0x0 HAL/ADC/ADC_prg.o
 .bss           0x00000000        0x0 HAL/ADC/ADC_prg.o
 .text.ADC_voidADCinit
                0x00000000       0x14 HAL/ADC/ADC_prg.o
 .text.ADC_u16ADCSyncSingleChannelRead
                0x00000000       0x16 HAL/ADC/ADC_prg.o
 .text.ADC_voidSyncRead
                0x00000000       0x4c HAL/ADC/ADC_prg.o
 .text.ADC_voidASyncRead
                0x00000000       0x4a HAL/ADC/ADC_prg.o
 .text          0x00000000        0x0 HAL/DIO/DIO_prg.o
 .data          0x00000000        0x0 HAL/DIO/DIO_prg.o
 .bss           0x00000000        0x0 HAL/DIO/DIO_prg.o
 .text.DIO_voidSetPinChMode
                0x00000000      0x10c HAL/DIO/DIO_prg.o
 .text.DIO_voidInit
                0x00000000       0x26 HAL/DIO/DIO_prg.o
 .text.DIO_voidWritePinChannel
                0x00000000       0x6a HAL/DIO/DIO_prg.o
 .text.DIO_voidReadPinChannel
                0x00000000       0x3a HAL/DIO/DIO_prg.o
 .text.DIO_voidReadPortChannel
                0x00000000       0x20 HAL/DIO/DIO_prg.o
 .text.DIO_voidWritePortChannel
                0x00000000       0x16 HAL/DIO/DIO_prg.o
 .text.DIO_voidWritePortWithMask
                0x00000000       0x1c HAL/DIO/DIO_prg.o
 .data.Dio_PinInitArray
                0x00000000       0x20 HAL/DIO/DIO_prg.o
 .rodata.DIO_RegPIN
                0x00000000        0x8 HAL/DIO/DIO_prg.o
 .rodata.DIO_RegDDR
                0x00000000        0x8 HAL/DIO/DIO_prg.o
 .rodata.DIO_RegPORT
                0x00000000        0x8 HAL/DIO/DIO_prg.o
 .debug_info    0x00000000      0x49a HAL/DIO/DIO_prg.o
 .debug_abbrev  0x00000000      0x11d HAL/DIO/DIO_prg.o
 .debug_loc     0x00000000      0x32b HAL/DIO/DIO_prg.o
 .debug_aranges
                0x00000000       0x50 HAL/DIO/DIO_prg.o
 .debug_ranges  0x00000000       0x40 HAL/DIO/DIO_prg.o
 .debug_line    0x00000000      0x190 HAL/DIO/DIO_prg.o
 .debug_str     0x00000000      0x44b HAL/DIO/DIO_prg.o
 .comment       0x00000000       0x31 HAL/DIO/DIO_prg.o
 .debug_frame   0x00000000       0x94 HAL/DIO/DIO_prg.o
 .text          0x00000000        0x0 HAL/GInt/INT_GIE_program.o
 .data          0x00000000        0x0 HAL/GInt/INT_GIE_program.o
 .bss           0x00000000        0x0 HAL/GInt/INT_GIE_program.o
 .text.INT_GIE_voidEnable
                0x00000000        0x8 HAL/GInt/INT_GIE_program.o
 .text.INT_GIE_voidDisable
                0x00000000        0x8 HAL/GInt/INT_GIE_program.o
 .debug_info    0x00000000       0xbc HAL/GInt/INT_GIE_program.o
 .debug_abbrev  0x00000000       0x51 HAL/GInt/INT_GIE_program.o
 .debug_aranges
                0x00000000       0x28 HAL/GInt/INT_GIE_program.o
 .debug_ranges  0x00000000       0x18 HAL/GInt/INT_GIE_program.o
 .debug_line    0x00000000       0x81 HAL/GInt/INT_GIE_program.o
 .debug_str     0x00000000      0x1c1 HAL/GInt/INT_GIE_program.o
 .comment       0x00000000       0x31 HAL/GInt/INT_GIE_program.o
 .debug_frame   0x00000000       0x34 HAL/GInt/INT_GIE_program.o
 .text          0x00000000        0x0 HAL/I2C/I2C_prg.o
 .data          0x00000000        0x0 HAL/I2C/I2C_prg.o
 .bss           0x00000000        0x0 HAL/I2C/I2C_prg.o
 .text.TWI_voidInitMaster
                0x00000000       0x1e HAL/I2C/I2C_prg.o
 .text.TWI_voidSendStartCondition
                0x00000000       0x1c HAL/I2C/I2C_prg.o
 .text.TWI_voidSendRepStartCondition
                0x00000000       0x1c HAL/I2C/I2C_prg.o
 .text.TWI_voidSendStopCondition
                0x00000000        0xe HAL/I2C/I2C_prg.o
 .text.TWI_voidSendSlaveAddWithWrite
                0x00000000       0x26 HAL/I2C/I2C_prg.o
 .text.TWI_voidSendSlaveAddWithRead
                0x00000000       0x26 HAL/I2C/I2C_prg.o
 .text.TWI_voidSendMasterDataByte
                0x00000000       0x18 HAL/I2C/I2C_prg.o
 .text.TWI_voidRecieveMasterDataByte
                0x00000000       0x20 HAL/I2C/I2C_prg.o
 .debug_info    0x00000000      0x1aa HAL/I2C/I2C_prg.o
 .debug_abbrev  0x00000000       0x83 HAL/I2C/I2C_prg.o
 .debug_loc     0x00000000       0xb8 HAL/I2C/I2C_prg.o
 .debug_aranges
                0x00000000       0x58 HAL/I2C/I2C_prg.o
 .debug_ranges  0x00000000       0x48 HAL/I2C/I2C_prg.o
 .debug_line    0x00000000      0x203 HAL/I2C/I2C_prg.o
 .debug_str     0x00000000      0x2a3 HAL/I2C/I2C_prg.o
 .comment       0x00000000       0x31 HAL/I2C/I2C_prg.o
 .debug_frame   0x00000000       0x94 HAL/I2C/I2C_prg.o
 .text          0x00000000        0x0 HAL/SPI/SPI_prg.o
 .data          0x00000000        0x0 HAL/SPI/SPI_prg.o
 .bss           0x00000000        0x0 HAL/SPI/SPI_prg.o
 .text.SPI_voidMasterInit
                0x00000000       0x2c HAL/SPI/SPI_prg.o
 .text.SPI_voidSlaveInit
                0x00000000       0x2c HAL/SPI/SPI_prg.o
 .text.SPI_u8Tranceiver
                0x00000000        0xa HAL/SPI/SPI_prg.o
 .text.SPI_voidCallBackSTCcomplete
                0x00000000        0xe HAL/SPI/SPI_prg.o
 .text          0x00000000        0x0 HAL/UART/UART_prog.o
 .data          0x00000000        0x0 HAL/UART/UART_prog.o
 .bss           0x00000000        0x0 HAL/UART/UART_prog.o
 .text.UART_voidInit
                0x00000000       0x24 HAL/UART/UART_prog.o
 .text.UART_voidSynchSendChar
                0x00000000        0x8 HAL/UART/UART_prog.o
 .text.UART_voidSynchSendString
                0x00000000       0x2c HAL/UART/UART_prog.o
 .text.UART_u8SynchRecieveChar
                0x00000000        0x8 HAL/UART/UART_prog.o
 .text.UART_voidAsynchSendString
                0x00000000       0x18 HAL/UART/UART_prog.o
 .text.UART_u8AsynchRecieveChar
                0x00000000        0x8 HAL/UART/UART_prog.o
 .text.UART_u8AsynchRecieveString
                0x00000000        0x8 HAL/UART/UART_prog.o
 .text.UART_voidCallBackRxComplete
                0x00000000        0xa HAL/UART/UART_prog.o
 .text.UART_voidCallBackDataRegEmpty
                0x00000000        0xa HAL/UART/UART_prog.o
 .text.UART_voidCallBackTxComplete
                0x00000000        0xa HAL/UART/UART_prog.o
 .text          0x00000000        0x0 main.o
 .data          0x00000000        0x0 main.o
 .bss           0x00000000        0x0 main.o
 .text          0x00000000        0x0 MCAL/EEPROM/EEPROM_prg.o
 .data          0x00000000        0x0 MCAL/EEPROM/EEPROM_prg.o
 .bss           0x00000000        0x0 MCAL/EEPROM/EEPROM_prg.o
 .text.EEPROM_voidInit
                0x00000000        0x8 MCAL/EEPROM/EEPROM_prg.o
 .text.EEPROM_voidWriteByte
                0x00000000       0x3c MCAL/EEPROM/EEPROM_prg.o
 .text.EEPROM_voidReadByte
                0x00000000       0x50 MCAL/EEPROM/EEPROM_prg.o
 .text.EEPROM_voidWritePage
                0x00000000       0x64 MCAL/EEPROM/EEPROM_prg.o
 .text.EEPROM_voidReadPage
                0x00000000       0x7c MCAL/EEPROM/EEPROM_prg.o
 .debug_info    0x00000000      0x541 MCAL/EEPROM/EEPROM_prg.o
 .debug_abbrev  0x00000000      0x14c MCAL/EEPROM/EEPROM_prg.o
 .debug_loc     0x00000000      0x56a MCAL/EEPROM/EEPROM_prg.o
 .debug_aranges
                0x00000000       0x40 MCAL/EEPROM/EEPROM_prg.o
 .debug_ranges  0x00000000       0x30 MCAL/EEPROM/EEPROM_prg.o
 .debug_line    0x00000000      0x2ad MCAL/EEPROM/EEPROM_prg.o
 .debug_str     0x00000000      0x3a3 MCAL/EEPROM/EEPROM_prg.o
 .comment       0x00000000       0x31 MCAL/EEPROM/EEPROM_prg.o
 .debug_frame   0x00000000       0xc8 MCAL/EEPROM/EEPROM_prg.o
 .text          0x00000000        0x0 MCAL/KEYBAD/KeyPad_program.o
 .data          0x00000000        0x0 MCAL/KEYBAD/KeyPad_program.o
 .bss           0x00000000        0x0 MCAL/KEYBAD/KeyPad_program.o
 .text.KEYPAD_uint8Init
                0x00000000       0x42 MCAL/KEYBAD/KeyPad_program.o
 .rodata        0x00000000       0x10 MCAL/KEYBAD/KeyPad_program.o
 .text.KEYPAD_uint8GetPressedKey
                0x00000000      0x11e MCAL/KEYBAD/KeyPad_program.o
 .data.ROW_ARR  0x00000000        0x4 MCAL/KEYBAD/KeyPad_program.o
 .data.COL_ARR  0x00000000        0x4 MCAL/KEYBAD/KeyPad_program.o
 .debug_info    0x00000000      0x423 MCAL/KEYBAD/KeyPad_program.o
 .debug_abbrev  0x00000000      0x16f MCAL/KEYBAD/KeyPad_program.o
 .debug_loc     0x00000000      0x22d MCAL/KEYBAD/KeyPad_program.o
 .debug_aranges
                0x00000000       0x28 MCAL/KEYBAD/KeyPad_program.o
 .debug_ranges  0x00000000       0x18 MCAL/KEYBAD/KeyPad_program.o
 .debug_line    0x00000000      0x1ee MCAL/KEYBAD/KeyPad_program.o
 .debug_str     0x00000000      0x3f4 MCAL/KEYBAD/KeyPad_program.o
 .comment       0x00000000       0x31 MCAL/KEYBAD/KeyPad_program.o
 .debug_frame   0x00000000       0x90 MCAL/KEYBAD/KeyPad_program.o
 .text          0x00000000        0x0 c:/program files (x86)/atmel/studio/7.0/toolchain/avr8/avr8-gnu-toolchain/bin/../lib/gcc/avr/5.4.0/avr5\libgcc.a(_exit.o)
 .data          0x00000000        0x0 c:/program files (x86)/atmel/studio/7.0/toolchain/avr8/avr8-gnu-toolchain/bin/../lib/gcc/avr/5.4.0/avr5\libgcc.a(_exit.o)
 .bss           0x00000000        0x0 c:/program files (x86)/atmel/studio/7.0/toolchain/avr8/avr8-gnu-toolchain/bin/../lib/gcc/avr/5.4.0/avr5\libgcc.a(_exit.o)
 .text.libgcc.mul
                0x00000000        0x0 c:/program files (x86)/atmel/studio/7.0/toolchain/avr8/avr8-gnu-toolchain/bin/../lib/gcc/avr/5.4.0/avr5\libgcc.a(_exit.o)
 .text.libgcc.div
                0x00000000        0x0 c:/program files (x86)/atmel/studio/7.0/toolchain/avr8/avr8-gnu-toolchain/bin/../lib/gcc/avr/5.4.0/avr5\libgcc.a(_exit.o)
 .text.libgcc   0x00000000        0x0 c:/program files (x86)/atmel/studio/7.0/toolchain/avr8/avr8-gnu-toolchain/bin/../lib/gcc/avr/5.4.0/avr5\libgcc.a(_exit.o)
 .text.libgcc.prologue
                0x00000000        0x0 c:/program files (x86)/atmel/studio/7.0/toolchain/avr8/avr8-gnu-toolchain/bin/../lib/gcc/avr/5.4.0/avr5\libgcc.a(_exit.o)
 .text.libgcc.builtins
                0x00000000        0x0 c:/program files (x86)/atmel/studio/7.0/toolchain/avr8/avr8-gnu-toolchain/bin/../lib/gcc/avr/5.4.0/avr5\libgcc.a(_exit.o)
 .text.libgcc.fmul
                0x00000000        0x0 c:/program files (x86)/atmel/studio/7.0/toolchain/avr8/avr8-gnu-toolchain/bin/../lib/gcc/avr/5.4.0/avr5\libgcc.a(_exit.o)
 .text.libgcc.fixed
                0x00000000        0x0 c:/program files (x86)/atmel/studio/7.0/toolchain/avr8/avr8-gnu-toolchain/bin/../lib/gcc/avr/5.4.0/avr5\libgcc.a(_exit.o)
 .text          0x00000000        0x0 c:/program files (x86)/atmel/studio/7.0/toolchain/avr8/avr8-gnu-toolchain/bin/../lib/gcc/avr/5.4.0/avr5\libgcc.a(_copy_data.o)
 .data          0x00000000        0x0 c:/program files (x86)/atmel/studio/7.0/toolchain/avr8/avr8-gnu-toolchain/bin/../lib/gcc/avr/5.4.0/avr5\libgcc.a(_copy_data.o)
 .bss           0x00000000        0x0 c:/program files (x86)/atmel/studio/7.0/toolchain/avr8/avr8-gnu-toolchain/bin/../lib/gcc/avr/5.4.0/avr5\libgcc.a(_copy_data.o)
 .text.libgcc.mul
                0x00000000        0x0 c:/program files (x86)/atmel/studio/7.0/toolchain/avr8/avr8-gnu-toolchain/bin/../lib/gcc/avr/5.4.0/avr5\libgcc.a(_copy_data.o)
 .text.libgcc.div
                0x00000000        0x0 c:/program files (x86)/atmel/studio/7.0/toolchain/avr8/avr8-gnu-toolchain/bin/../lib/gcc/avr/5.4.0/avr5\libgcc.a(_copy_data.o)
 .text.libgcc   0x00000000        0x0 c:/program files (x86)/atmel/studio/7.0/toolchain/avr8/avr8-gnu-toolchain/bin/../lib/gcc/avr/5.4.0/avr5\libgcc.a(_copy_data.o)
 .text.libgcc.prologue
                0x00000000        0x0 c:/program files (x86)/atmel/studio/7.0/toolchain/avr8/avr8-gnu-toolchain/bin/../lib/gcc/avr/5.4.0/avr5\libgcc.a(_copy_data.o)
 .text.libgcc.builtins
                0x00000000        0x0 c:/program files (x86)/atmel/studio/7.0/toolchain/avr8/avr8-gnu-toolchain/bin/../lib/gcc/avr/5.4.0/avr5\libgcc.a(_copy_data.o)
 .text.libgcc.fmul
                0x00000000        0x0 c:/program files (x86)/atmel/studio/7.0/toolchain/avr8/avr8-gnu-toolchain/bin/../lib/gcc/avr/5.4.0/avr5\libgcc.a(_copy_data.o)
 .text.libgcc.fixed
                0x00000000        0x0 c:/program files (x86)/atmel/studio/7.0/toolchain/avr8/avr8-gnu-toolchain/bin/../lib/gcc/avr/5.4.0/avr5\libgcc.a(_copy_data.o)
 .text          0x00000000        0x0 c:/program files (x86)/atmel/studio/7.0/toolchain/avr8/avr8-gnu-toolchain/bin/../lib/gcc/avr/5.4.0/avr5\libgcc.a(_clear_bss.o)
 .data          0x00000000        0x0 c:/program files (x86)/atmel/studio/7.0/toolchain/avr8/avr8-gnu-toolchain/bin/../lib/gcc/avr/5.4.0/avr5\libgcc.a(_clear_bss.o)
 .bss           0x00000000        0x0 c:/program files (x86)/atmel/studio/7.0/toolchain/avr8/avr8-gnu-toolchain/bin/../lib/gcc/avr/5.4.0/avr5\libgcc.a(_clear_bss.o)
 .text.libgcc.mul
                0x00000000        0x0 c:/program files (x86)/atmel/studio/7.0/toolchain/avr8/avr8-gnu-toolchain/bin/../lib/gcc/avr/5.4.0/avr5\libgcc.a(_clear_bss.o)
 .text.libgcc.div
                0x00000000        0x0 c:/program files (x86)/atmel/studio/7.0/toolchain/avr8/avr8-gnu-toolchain/bin/../lib/gcc/avr/5.4.0/avr5\libgcc.a(_clear_bss.o)
 .text.libgcc   0x00000000        0x0 c:/program files (x86)/atmel/studio/7.0/toolchain/avr8/avr8-gnu-toolchain/bin/../lib/gcc/avr/5.4.0/avr5\libgcc.a(_clear_bss.o)
 .text.libgcc.prologue
                0x00000000        0x0 c:/program files (x86)/atmel/studio/7.0/toolchain/avr8/avr8-gnu-toolchain/bin/../lib/gcc/avr/5.4.0/avr5\libgcc.a(_clear_bss.o)
 .text.libgcc.builtins
                0x00000000        0x0 c:/program files (x86)/atmel/studio/7.0/toolchain/avr8/avr8-gnu-toolchain/bin/../lib/gcc/avr/5.4.0/avr5\libgcc.a(_clear_bss.o)
 .text.libgcc.fmul
                0x00000000        0x0 c:/program files (x86)/atmel/studio/7.0/toolchain/avr8/avr8-gnu-toolchain/bin/../lib/gcc/avr/5.4.0/avr5\libgcc.a(_clear_bss.o)
 .text.libgcc.fixed
                0x00000000        0x0 c:/program files (x86)/atmel/studio/7.0/toolchain/avr8/avr8-gnu-toolchain/bin/../lib/gcc/avr/5.4.0/avr5\libgcc.a(_clear_bss.o)

Memory Configuration

Name             Origin             Length             Attributes
text             0x00000000         0x00020000         xr
data             0x00800060         0x0000ffa0         rw !x
eeprom           0x00810000         0x00010000         rw !x
fuse             0x00820000         0x00000002         rw !x
lock             0x00830000         0x00000400         rw !x
signature        0x00840000         0x00000400         rw !x
user_signatures  0x00850000         0x00000400         rw !x
*default*        0x00000000         0xffffffff

Linker script and memory map

LOAD C:/Program Files (x86)/Atmel/Studio/7.0/Packs/atmel/ATmega_DFP/1.3.300/gcc/dev/atmega32/avr5/crtatmega32.o
LOAD HAL/ADC/ADC_prg.o
LOAD HAL/DIO/DIO_prg.o
LOAD HAL/GInt/INT_GIE_program.o
LOAD HAL/I2C/I2C_prg.o
LOAD HAL/SPI/SPI_prg.o
LOAD HAL/UART/UART_prog.o
LOAD main.o
LOAD MCAL/EEPROM/EEPROM_prg.o
LOAD MCAL/KEYBAD/KeyPad_program.o
START GROUP
LOAD c:/program files (x86)/atmel/studio/7.0/toolchain/avr8/avr8-gnu-toolchain/bin/../lib/gcc/avr/5.4.0/../../../../avr/lib/avr5\libm.a
END GROUP
START GROUP
LOAD c:/program files (x86)/atmel/studio/7.0/toolchain/avr8/avr8-gnu-toolchain/bin/../lib/gcc/avr/5.4.0/avr5\libgcc.a
LOAD c:/program files (x86)/atmel/studio/7.0/toolchain/avr8/avr8-gnu-toolchain/bin/../lib/gcc/avr/5.4.0/../../../../avr/lib/avr5\libm.a
LOAD c:/program files (x86)/atmel/studio/7.0/toolchain/avr8/avr8-gnu-toolchain/bin/../lib/gcc/avr/5.4.0/../../../../avr/lib/avr5\libc.a
LOAD C:/Program Files (x86)/Atmel/Studio/7.0/Packs/atmel/ATmega_DFP/1.3.300/gcc/dev/atmega32/avr5\libatmega32.a
END GROUP
                0x00000000                __TEXT_REGION_ORIGIN__ = DEFINED (__TEXT_REGION_ORIGIN__)?__TEXT_REGION_ORIGIN__:0x0
                0x00800060                __DATA_REGION_ORIGIN__ = DEFINED (__DATA_REGION_ORIGIN__)?__DATA_REGION_ORIGIN__:0x800060
                0x00020000                __TEXT_REGION_LENGTH__ = DEFINED (__TEXT_REGION_LENGTH__)?__TEXT_REGION_LENGTH__:0x20000
                0x0000ffa0                __DATA_REGION_LENGTH__ = DEFINED (__DATA_REGION_LENGTH__)?__DATA_REGION_LENGTH__:0xffa0
                0x00010000                __EEPROM_REGION_LENGTH__ = DEFINED (__EEPROM_REGION_LENGTH__)?__EEPROM_REGION_LENGTH__:0x10000
                [0x00000002]                __FUSE_REGION_LENGTH__ = DEFINED (__FUSE_REGION_LENGTH__)?__FUSE_REGION_LENGTH__:0x400
                0x00000400                __LOCK_REGION_LENGTH__ = DEFINED (__LOCK_REGION_LENGTH__)?__LOCK_REGION_LENGTH__:0x400
                0x00000400                __SIGNATURE_REGION_LENGTH__ = DEFINED (__SIGNATURE_REGION_LENGTH__)?__SIGNATURE_REGION_LENGTH__:0x400
                0x00000400                __USER_SIGNATURE_REGION_LENGTH__ = DEFINED (__USER_SIGNATURE_REGION_LENGTH__)?__USER_SIGNATURE_REGION_LENGTH__:0x400

.hash
 *(.hash)

.dynsym
 *(.dynsym)

.dynstr
 *(.dynstr)

.gnu.version
 *(.gnu.version)

.gnu.version_d
 *(.gnu.version_d)

.gnu.version_r
 *(.gnu.version_r)

.rel.init
 *(.rel.init)

.rela.init
 *(.rela.init)

.rel.text
 *(.rel.text)
 *(.rel.text.*)
 *(.rel.gnu.linkonce.t*)

.rela.text
 *(.rela.text)
 *(.rela.text.*)
 *(.rela.gnu.linkonce.t*)

.rel.fini
 *(.rel.fini)

.rela.fini
 *(.rela.fini)

.rel.rodata
 *(.rel.rodata)
 *(.rel.rodata.*)
 *(.rel.gnu.linkonce.r*)

.rela.rodata
 *(.rela.rodata)
 *(.rela.rodata.*)
 *(.rela.gnu.linkonce.r*)

.rel.data
 *(.rel.data)
 *(.rel.data.*)
 *(.rel.gnu.linkonce.d*)

.rela.data
 *(.rela.data)
 *(.rela.data.*)
 *(.rela.gnu.linkonce.d*)

.rel.ctors
 *(.rel.ctors)

.rela.ctors
 *(.rela.ctors)

.rel.dtors
 *(.rel.dtors)

.rela.dtors
 *(.rela.dtors)

.rel.got
 *(.rel.got)

.rela.got
 *(.rela.got)

.rel.bss
 *(.rel.bss)

.rela.bss
 *(.rela.bss)

.rel.plt
 *(.rel.plt)

.rela.plt
 *(.rela.plt)

.text           0x00000000      0x2ea
 *(.vectors)
 .vectors       0x00000000       0x54 C:/Program Files (x86)/Atmel/Studio/7.0/Packs/atmel/ATmega_DFP/1.3.300/gcc/dev/atmega32/avr5/crtatmega32.o
                0x00000000                __vector_default
                0x00000000                __vectors
 *(.vectors)
 *(.progmem.gcc*)
                0x00000054                . = ALIGN (0x2)
                0x00000054                __trampolines_start = .
 *(.trampolines)
 .trampolines   0x00000054        0x0 linker stubs
 *(.trampolines*)
                0x00000054                __trampolines_end = .
 *libprintf_flt.a:*(.progmem.data)
 *libc.a:*(.progmem.data)
 *(.progmem*)
                0x00000054                . = ALIGN (0x2)
 *(.jumptables)
 *(.jumptables*)
 *(.lowtext)
 *(.lowtext*)
                0x00000054                __ctors_start = .
 *(.ctors)
                0x00000054                __ctors_end = .
                0x00000054                __dtors_start = .
 *(.dtors)
                0x00000054                __dtors_end = .
 SORT(*)(.ctors)
 SORT(*)(.dtors)
 *(.init0)
 .init0         0x00000054        0x0 C:/Program Files (x86)/Atmel/Studio/7.0/Packs/atmel/ATmega_DFP/1.3.300/gcc/dev/atmega32/avr5/crtatmega32.o
                0x00000054                __init
 *(.init0)
 *(.init1)
 *(.init1)
 *(.init2)
 .init2         0x00000054        0xc C:/Program Files (x86)/Atmel/Studio/7.0/Packs/atmel/ATmega_DFP/1.3.300/gcc/dev/atmega32/avr5/crtatmega32.o
 *(.init2)
 *(.init3)
 *(.init3)
 *(.init4)
 .init4         0x00000060       0x16 c:/program files (x86)/atmel/studio/7.0/toolchain/avr8/avr8-gnu-toolchain/bin/../lib/gcc/avr/5.4.0/avr5\libgcc.a(_copy_data.o)
                0x00000060                __do_copy_data
 .init4         0x00000076       0x10 c:/program files (x86)/atmel/studio/7.0/toolchain/avr8/avr8-gnu-toolchain/bin/../lib/gcc/avr/5.4.0/avr5\libgcc.a(_clear_bss.o)
                0x00000076                __do_clear_bss
 *(.init4)
 *(.init5)
 *(.init5)
 *(.init6)
 *(.init6)
 *(.init7)
 *(.init7)
 *(.init8)
 *(.init8)
 *(.init9)
 .init9         0x00000086        0x8 C:/Program Files (x86)/Atmel/Studio/7.0/Packs/atmel/ATmega_DFP/1.3.300/gcc/dev/atmega32/avr5/crtatmega32.o
 *(.init9)
 *(.text)
 .text          0x0000008e        0x4 C:/Program Files (x86)/Atmel/Studio/7.0/Packs/atmel/ATmega_DFP/1.3.300/gcc/dev/atmega32/avr5/crtatmega32.o
                0x0000008e                __vector_1
                0x0000008e                __bad_interrupt
                0x0000008e                __vector_6
                0x0000008e                __vector_3
                0x0000008e                __vector_11
                0x0000008e                __vector_17
                0x0000008e                __vector_19
                0x0000008e                __vector_7
                0x0000008e                __vector_5
                0x0000008e                __vector_4
                0x0000008e                __vector_9
                0x0000008e                __vector_2
                0x0000008e                __vector_8
                0x0000008e                __vector_10
                0x0000008e                __vector_18
                0x0000008e                __vector_20
                0x00000092                . = ALIGN (0x2)
 *(.text.*)
 .text.__vector_16
                0x00000092       0xb8 HAL/ADC/ADC_prg.o
                0x00000092                __vector_16
 .text.__vector_12
                0x0000014a       0x4e HAL/SPI/SPI_prg.o
                0x0000014a                __vector_12
 .text.UART_voidAynchSendChar
                0x00000198        0x6 HAL/UART/UART_prog.o
                0x00000198                UART_voidAynchSendChar
 .text.__vector_13
                0x0000019e       0x68 HAL/UART/UART_prog.o
                0x0000019e                __vector_13
 .text.__vector_14
                0x00000206       0x4e HAL/UART/UART_prog.o
                0x00000206                __vector_14
 .text.__vector_15
                0x00000254       0x90 HAL/UART/UART_prog.o
                0x00000254                __vector_15
 .text.main     0x000002e4        0x2 main.o
                0x000002e4                main
                0x000002e6                . = ALIGN (0x2)
 *(.fini9)
 .fini9         0x000002e6        0x0 c:/program files (x86)/atmel/studio/7.0/toolchain/avr8/avr8-gnu-toolchain/bin/../lib/gcc/avr/5.4.0/avr5\libgcc.a(_exit.o)
                0x000002e6                _exit
                0x000002e6                exit
 *(.fini9)
 *(.fini8)
 *(.fini8)
 *(.fini7)
 *(.fini7)
 *(.fini6)
 *(.fini6)
 *(.fini5)
 *(.fini5)
 *(.fini4)
 *(.fini4)
 *(.fini3)
 *(.fini3)
 *(.fini2)
 *(.fini2)
 *(.fini1)
 *(.fini1)
 *(.fini0)
 .fini0         0x000002e6        0x4 c:/program files (x86)/atmel/studio/7.0/toolchain/avr8/avr8-gnu-toolchain/bin/../lib/gcc/avr/5.4.0/avr5\libgcc.a(_exit.o)
 *(.fini0)
                0x000002ea                _etext = .

.data           0x00800060        0xe load address 0x000002ea
                0x00800060                PROVIDE (__data_start, .)
 *(.data)
 *(.data*)
 .data.ptr      0x00800060        0x4 HAL/ADC/ADC_prg.o
                0x00800060                ptr
 .data.ADC_ScanGroups1
                0x00800064        0x4 HAL/ADC/ADC_prg.o
                0x00800064                ADC_ScanGroups1
 .data.ADC_ScanGroups0
                0x00800068        0x4 HAL/ADC/ADC_prg.o
                0x00800068                ADC_ScanGroups0
 .data.i.1904   0x0080006c        0x1 HAL/UART/UART_prog.o
 *(.gnu.linkonce.d*)
 *(.rodata)
 *(.rodata*)
 *(.gnu.linkonce.r*)
                0x0080006e                . = ALIGN (0x2)
 *fill*         0x0080006d        0x1 
                0x0080006e                _edata = .
                0x0080006e                PROVIDE (__data_end, .)

.bss            0x0080006e       0x7d
                0x0080006e                PROVIDE (__bss_start, .)
 *(.bss)
 *(.bss*)
 .bss.Global_u8Counter
                0x0080006e        0x1 HAL/ADC/ADC_prg.o
                0x0080006e                Global_u8Counter
 .bss.i.1897    0x0080006f        0x1 HAL/UART/UART_prog.o
 .bss.Global_String
                0x00800070        0x2 HAL/UART/UART_prog.o
                0x00800070                Global_String
 .bss.SendStringFlag
                0x00800072        0x1 HAL/UART/UART_prog.o
                0x00800072                SendStringFlag
 .bss.Global_u8UARTRecieveChar
                0x00800073        0x1 HAL/UART/UART_prog.o
                0x00800073                Global_u8UARTRecieveChar
 .bss.Global_u8UARTRecieveArray
                0x00800074       0x64 HAL/UART/UART_prog.o
                0x00800074                Global_u8UARTRecieveArray
 *(COMMON)
 COMMON         0x008000d8        0xb HAL/ADC/ADC_prg.o
                0x008000d8                Global_pScanGroup
                0x008000d9                pfuncADC_ISR
                0x008000e1                Global_u16pBuffer
 COMMON         0x008000e3        0x2 HAL/SPI/SPI_prg.o
                0x008000e3                pfuncSPI_STCcomplete_ISR
 COMMON         0x008000e5        0x6 HAL/UART/UART_prog.o
                0x008000e5                pfuncUART_DataEmpty_ISR
                0x008000e7                pfuncUART_TxComplete_ISR
                0x008000e9                pfuncUART_RxComplete_ISR
                0x008000eb                PROVIDE (__bss_end, .)
                0x000002ea                __data_load_start = LOADADDR (.data)
                0x000002f8                __data_load_end = (__data_load_start + SIZEOF (.data))

.noinit         0x008000eb        0x0
                [!provide]                PROVIDE (__noinit_start, .)
 *(.noinit*)
                [!provide]                PROVIDE (__noinit_end, .)
                0x008000eb                _end = .
                [!provide]                PROVIDE (__heap_start, .)

.eeprom         0x00810000        0x0
 *(.eeprom*)
                0x00810000                __eeprom_end = .

.fuse
 *(.fuse)
 *(.lfuse)
 *(.hfuse)
 *(.efuse)

.lock
 *(.lock*)

.signature
 *(.signature*)

.user_signatures
 *(.user_signatures*)

.stab
 *(.stab)

.stabstr
 *(.stabstr)

.stab.excl
 *(.stab.excl)

.stab.exclstr
 *(.stab.exclstr)

.stab.index
 *(.stab.index)

.stab.indexstr
 *(.stab.indexstr)

.comment        0x00000000       0x30
 *(.comment)
 .comment       0x00000000       0x30 HAL/ADC/ADC_prg.o
                                 0x31 (size before relaxing)
 .comment       0x00000030       0x31 HAL/SPI/SPI_prg.o
 .comment       0x00000030       0x31 HAL/UART/UART_prog.o
 .comment       0x00000030       0x31 main.o

.note.gnu.avr.deviceinfo
                0x00000000       0x3c
 .note.gnu.avr.deviceinfo
                0x00000000       0x3c C:/Program Files (x86)/Atmel/Studio/7.0/Packs/atmel/ATmega_DFP/1.3.300/gcc/dev/atmega32/avr5/crtatmega32.o

.note.gnu.build-id
 *(.note.gnu.build-id)

.debug
 *(.debug)

.line
 *(.line)

.debug_srcinfo
 *(.debug_srcinfo)

.debug_sfnames
 *(.debug_sfnames)

.debug_aranges  0x00000000      0x128
 *(.debug_aranges)
 .debug_aranges
                0x00000000       0x40 HAL/ADC/ADC_prg.o
 .debug_aranges
                0x00000040       0x40 HAL/SPI/SPI_prg.o
 .debug_aranges
                0x00000080       0x88 HAL/UART/UART_prog.o
 .debug_aranges
                0x00000108       0x20 main.o

.debug_pubnames
 *(.debug_pubnames)

.debug_info     0x00000000      0xfa3
 *(.debug_info .gnu.linkonce.wi.*)
 .debug_info    0x00000000      0x4e6 C:/Program Files (x86)/Atmel/Studio/7.0/Packs/atmel/ATmega_DFP/1.3.300/gcc/dev/atmega32/avr5/crtatmega32.o
 .debug_info    0x000004e6      0x374 HAL/ADC/ADC_prg.o
 .debug_info    0x0000085a      0x364 HAL/SPI/SPI_prg.o
 .debug_info    0x00000bbe      0x368 HAL/UART/UART_prog.o
 .debug_info    0x00000f26       0x7d main.o

.debug_abbrev   0x00000000      0x8d7
 *(.debug_abbrev)
 .debug_abbrev  0x00000000      0x4a3 C:/Program Files (x86)/Atmel/Studio/7.0/Packs/atmel/ATmega_DFP/1.3.300/gcc/dev/atmega32/avr5/crtatmega32.o
 .debug_abbrev  0x000004a3      0x174 HAL/ADC/ADC_prg.o
 .debug_abbrev  0x00000617      0x11d HAL/SPI/SPI_prg.o
 .debug_abbrev  0x00000734      0x15a HAL/UART/UART_prog.o
 .debug_abbrev  0x0000088e       0x49 main.o

.debug_line     0x00000000      0x668
 *(.debug_line .debug_line.* .debug_line_end)
 .debug_line    0x00000000      0x115 C:/Program Files (x86)/Atmel/Studio/7.0/Packs/atmel/ATmega_DFP/1.3.300/gcc/dev/atmega32/avr5/crtatmega32.o
 .debug_line    0x00000115      0x188 HAL/ADC/ADC_prg.o
 .debug_line    0x0000029d      0x140 HAL/SPI/SPI_prg.o
 .debug_line    0x000003dd      0x252 HAL/UART/UART_prog.o
 .debug_line    0x0000062f       0x39 main.o

.debug_frame    0x00000000      0x37c
 *(.debug_frame)
 .debug_frame   0x00000000       0xcc HAL/ADC/ADC_prg.o
 .debug_frame   0x000000cc       0xac HAL/SPI/SPI_prg.o
 .debug_frame   0x00000178      0x1e0 HAL/UART/UART_prog.o
 .debug_frame   0x00000358       0x24 main.o

.debug_str      0x00000000      0x962
 *(.debug_str)
 .debug_str     0x00000000      0x196 C:/Program Files (x86)/Atmel/Studio/7.0/Packs/atmel/ATmega_DFP/1.3.300/gcc/dev/atmega32/avr5/crtatmega32.o
 .debug_str     0x00000196      0x3cf HAL/ADC/ADC_prg.o
                                0x408 (size before relaxing)
 .debug_str     0x00000565      0x1f0 HAL/SPI/SPI_prg.o
                                0x36c (size before relaxing)
 .debug_str     0x00000755      0x1fc HAL/UART/UART_prog.o
                                0x38d (size before relaxing)
 .debug_str     0x00000951       0x11 main.o
                                0x158 (size before relaxing)

.debug_loc      0x00000000      0x675
 *(.debug_loc)
 .debug_loc     0x00000000      0x246 HAL/ADC/ADC_prg.o
 .debug_loc     0x00000246       0xea HAL/SPI/SPI_prg.o
 .debug_loc     0x00000330      0x345 HAL/UART/UART_prog.o

.debug_macinfo
 *(.debug_macinfo)

.debug_weaknames
 *(.debug_weaknames)

.debug_funcnames
 *(.debug_funcnames)

.debug_typenames
 *(.debug_typenames)

.debug_varnames
 *(.debug_varnames)

.debug_pubtypes
 *(.debug_pubtypes)

.debug_ranges   0x00000000       0xe8
 *(.debug_ranges)
 .debug_ranges  0x00000000       0x30 HAL/ADC/ADC_prg.o
 .debug_ranges  0x00000030       0x30 HAL/SPI/SPI_prg.o
 .debug_ranges  0x00000060       0x78 HAL/UART/UART_prog.o
 .debug_ranges  0x000000d8       0x10 main.o

.debug_macro
 *(.debug_macro)
OUTPUT(Control_SmartHome.elf elf32-avr)
LOAD linker stubs
